
> aurum-website@0.1.0 build
> next build

  Γû▓ Next.js 14.2.35

   Creating an optimized production build ...
 Γ£ô Compiled successfully
   Linting and checking validity of types ...
npm : 
At line:1 char:1
+ npm run build > build_output.txt 2>&1
+ ~~~~~~~~~~~~~~~~~~~~~~~~~~~~~~~~~~~~~
    + CategoryInfo          : NotSpec  
  ified: (:String) [], RemoteExcept    
ion
    + FullyQualifiedErrorId : NativeC  
  ommandError
 
Failed to compile.

./components/sections/EnhancementsPage.
tsx
7:8  Error: 'GoldButton' is defined 
but never used.  
@typescript-eslint/no-unused-vars

info  - Need to disable some ESLint 
rules? Learn more here: https://nextjs.
org/docs/basic-features/eslint#disablin
g-rules
